2025-04-22 19:49:00 | DEBUG | repo=pv243-2015-management-seminar | action=commit
2025-09-20 10:49:00 | DEBUG | repo=pv243-2015-management-seminar | action=commit
2025-05-23 07:49:00 | INFO | repo=pv243-2015-management-seminar | action=commit
2025-11-28 11:42:00 | INFO | repo=pv243-2015-management-seminar | action=commit
2025-05-28 16:15:00 | DEBUG | repo=pv243-2015-management-seminar | action=pull
2025-09-24 17:14:00 | DEBUG | repo=pv243-2015-management-seminar | action=commit
2025-12-21 20:24:00 | INFO | repo=pv243-2015-management-seminar | action=commit
2025-01-16 13:07:00 | WARN | repo=pv243-2015-management-seminar | action=commit
2025-09-07 08:02:00 | DEBUG | repo=pv243-2015-management-seminar | action=commit
2025-02-02 09:08:00 | WARN | repo=pv243-2015-management-seminar | action=commit
2025-09-19 12:14:00 | DEBUG | repo=pv243-2015-management-seminar | action=commit
2025-01-22 17:51:00 | WARN | repo=pv243-2015-management-seminar | action=commit
2025-07-09 15:31:00 | INFO | repo=pv243-2015-management-seminar | action=commit
2025-09-03 16:23:00 | INFO | repo=pv243-2015-management-seminar | action=edit | files=4
2025-12-05 08:26:00 | DEBUG | repo=pv243-2015-management-seminar | action=commit
2025-10-14 17:54:00 | INFO | repo=pv243-2015-management-seminar | action=commit
2025-03-08 21:29:00 | DEBUG | repo=pv243-2015-management-seminar | action=test | passed=true
2025-03-07 17:57:00 | WARN | repo=pv243-2015-management-seminar | action=commit
2025-01-02 19:40:00 | DEBUG | repo=pv243-2015-management-seminar | action=commit
2025-02-25 19:46:00 | DEBUG | repo=pv243-2015-management-seminar | action=pull
2025-12-21 10:35:00 | WARN | repo=pv243-2015-management-seminar | action=commit
